# serializer version: 1
# name: test_alignment_with_real_data
  dict({
    'Hello,-world': list([
      LabEntry(start=0.0, end=0.15, phoneme='(.)'),
      LabEntry(start=0.15, end=0.31, phoneme='h'),
      LabEntry(start=0.31, end=0.36, phoneme='ɛ'),
      LabEntry(start=0.36, end=0.46, phoneme='l'),
      LabEntry(start=0.46, end=0.83, phoneme='ow'),
      LabEntry(start=0.83, end=0.96, phoneme='(.)'),
      LabEntry(start=0.96, end=1.08, phoneme='w'),
      LabEntry(start=1.08, end=1.28, phoneme='ɝ'),
      LabEntry(start=1.28, end=1.32, phoneme='ɫ'),
      LabEntry(start=1.32, end=1.39, phoneme='d'),
      LabEntry(start=1.39, end=1.695057, phoneme='(.)'),
    ]),
    'libritts-6241_61946_000012_000002': list([
      LabEntry(start=0.0, end=0.06, phoneme='(.)'),
      LabEntry(start=0.06, end=0.14, phoneme='dʒ'),
      LabEntry(start=0.14, end=0.24, phoneme='i'),
      LabEntry(start=0.24, end=0.35, phoneme='ɑ'),
      LabEntry(start=0.35, end=0.38, phoneme='ɡ'),
      LabEntry(start=0.38, end=0.41, phoneme='ɹ'),
      LabEntry(start=0.41, end=0.45, phoneme='ə'),
      LabEntry(start=0.45, end=0.53, phoneme='f'),
      LabEntry(start=0.53, end=0.63, phoneme='ɚ'),
      LabEntry(start=0.63, end=0.67, phoneme='z'),
      LabEntry(start=0.67, end=0.7, phoneme='h'),
      LabEntry(start=0.7, end=0.73, phoneme='æ'),
      LabEntry(start=0.73, end=0.78, phoneme='v'),
      LabEntry(start=0.78, end=0.82, phoneme='dʲ'),
      LabEntry(start=0.82, end=0.87, phoneme='ɪ'),
      LabEntry(start=0.87, end=0.93, phoneme='v'),
      LabEntry(start=0.93, end=1.07, phoneme='aj'),
      LabEntry(start=1.07, end=1.1, phoneme='dʲ'),
      LabEntry(start=1.1, end=1.14, phoneme='ɪ'),
      LabEntry(start=1.14, end=1.18, phoneme='d'),
      LabEntry(start=1.18, end=1.25, phoneme='ɪ'),
      LabEntry(start=1.25, end=1.28, phoneme='t'),
      LabEntry(start=1.28, end=1.32, phoneme='ɪ'),
      LabEntry(start=1.32, end=1.38, phoneme='n'),
      LabEntry(start=1.38, end=1.43, phoneme='tʰ'),
      LabEntry(start=1.43, end=1.46, phoneme='ʉ'),
      LabEntry(start=1.46, end=1.6, phoneme='f'),
      LabEntry(start=1.6, end=1.67, phoneme='ɒ'),
      LabEntry(start=1.67, end=1.72, phoneme='ɹ'),
      LabEntry(start=1.72, end=1.84, phoneme='pʰ'),
      LabEntry(start=1.84, end=1.91, phoneme='ɑ'),
      LabEntry(start=1.91, end=2.02, phoneme='ɹ'),
      LabEntry(start=2.02, end=2.11, phoneme='t'),
      LabEntry(start=2.11, end=2.19, phoneme='s'),
      LabEntry(start=2.19, end=2.38, phoneme='(.)'),
      LabEntry(start=2.38, end=2.46, phoneme='æ'),
      LabEntry(start=2.46, end=2.49, phoneme='n'),
      LabEntry(start=2.49, end=2.54, phoneme='d'),
      LabEntry(start=2.54, end=2.58, phoneme='w'),
      LabEntry(start=2.58, end=2.62, phoneme='i'),
      LabEntry(start=2.62, end=2.67, phoneme='h'),
      LabEntry(start=2.67, end=2.72, phoneme='æ'),
      LabEntry(start=2.72, end=2.75, phoneme='d'),
      LabEntry(start=2.75, end=2.78, phoneme='t'),
      LabEntry(start=2.78, end=2.81, phoneme='ə'),
      LabEntry(start=2.81, end=2.95, phoneme='k'),
      LabEntry(start=2.95, end=2.99, phoneme='ɹ'),
      LabEntry(start=2.99, end=3.11, phoneme='ɑː'),
      LabEntry(start=3.11, end=3.22, phoneme='s'),
      LabEntry(start=3.22, end=3.34, phoneme='θ'),
      LabEntry(start=3.34, end=3.46, phoneme='s'),
      LabEntry(start=3.46, end=3.61, phoneme='aw'),
      LabEntry(start=3.61, end=3.71, phoneme='θ'),
      LabEntry(start=3.71, end=3.78, phoneme='w'),
      LabEntry(start=3.78, end=3.84, phoneme='ɛ'),
      LabEntry(start=3.84, end=3.93, phoneme='s'),
      LabEntry(start=3.93, end=3.96, phoneme='t'),
      LabEntry(start=3.96, end=4.07, phoneme='kʷ'),
      LabEntry(start=4.07, end=4.14, phoneme='ɒ'),
      LabEntry(start=4.14, end=4.19, phoneme='ɹ'),
      LabEntry(start=4.19, end=4.23, phoneme='t'),
      LabEntry(start=4.23, end=4.38, phoneme='ɚ'),
      LabEntry(start=4.38, end=4.69, phoneme='(.)'),
      LabEntry(start=4.69, end=4.8, phoneme='w'),
      LabEntry(start=4.8, end=4.85, phoneme='ɪ'),
      LabEntry(start=4.85, end=4.96, phoneme='tʃ'),
      LabEntry(start=4.96, end=5.09, phoneme='ɪ'),
      LabEntry(start=5.09, end=5.13, phoneme='n'),
      LabEntry(start=5.13, end=5.2, phoneme='ð'),
      LabEntry(start=5.2, end=5.23, phoneme='v'),
      LabEntry(start=5.23, end=5.27, phoneme='ɚ'),
      LabEntry(start=5.27, end=5.34, phoneme='ɲ'),
      LabEntry(start=5.34, end=5.48, phoneme='æ'),
      LabEntry(start=5.48, end=5.57, phoneme='c'),
      LabEntry(start=5.57, end=5.61, phoneme='ə'),
      LabEntry(start=5.61, end=5.64, phoneme='l'),
      LabEntry(start=5.64, end=5.75, phoneme='ɚ'),
      LabEntry(start=5.75, end=5.83, phoneme='ɪ'),
      LabEntry(start=5.83, end=5.88, phoneme='z'),
      LabEntry(start=5.88, end=5.98, phoneme='kʰ'),
      LabEntry(start=5.98, end=6.05, phoneme='ɒː'),
      LabEntry(start=6.05, end=6.23, phoneme='ɫ'),
      LabEntry(start=6.23, end=6.29, phoneme='d'),
      LabEntry(start=6.29, end=6.54, phoneme='(.)'),
      LabEntry(start=6.54, end=6.71, phoneme='s'),
      LabEntry(start=6.71, end=6.8, phoneme='ʉ'),
      LabEntry(start=6.8, end=6.86, phoneme='d'),
      LabEntry(start=6.86, end=6.9, phoneme='v'),
      LabEntry(start=6.9, end=7.02, phoneme='ɛ'),
      LabEntry(start=7.02, end=7.09, phoneme='s'),
      LabEntry(start=7.09, end=7.12, phoneme='t'),
      LabEntry(start=7.12, end=7.13, phoneme='ɹ'),
      LabEntry(start=7.13, end=7.29, phoneme='fʲ'),
      LabEntry(start=7.29, end=7.32, phoneme='i'),
      LabEntry(start=7.32, end=7.36, phoneme='ɒ'),
      LabEntry(start=7.36, end=7.41, phoneme='ɹ'),
      LabEntry(start=7.41, end=7.44, phoneme='d'),
      LabEntry(start=7.44, end=7.5, phoneme='ə'),
      LabEntry(start=7.5, end=7.55, phoneme='ŋ'),
      LabEntry(start=7.55, end=7.59, phoneme='ɡ'),
      LabEntry(start=7.59, end=7.68, phoneme='ɹ'),
      LabEntry(start=7.68, end=7.9, phoneme='(.)'),
    ]),
    'librittsr-6241_61946_000012_000002': list([
      LabEntry(start=0.0, end=0.08, phoneme='(.)'),
      LabEntry(start=0.08, end=0.18, phoneme='dʒ'),
      LabEntry(start=0.18, end=0.27, phoneme='i'),
      LabEntry(start=0.27, end=0.37, phoneme='ɑ'),
      LabEntry(start=0.37, end=0.4, phoneme='ɡ'),
      LabEntry(start=0.4, end=0.43, phoneme='ɹ'),
      LabEntry(start=0.43, end=0.47, phoneme='ə'),
      LabEntry(start=0.47, end=0.55, phoneme='f'),
      LabEntry(start=0.55, end=0.65, phoneme='ɚ'),
      LabEntry(start=0.65, end=0.69, phoneme='z'),
      LabEntry(start=0.69, end=0.72, phoneme='h'),
      LabEntry(start=0.72, end=0.75, phoneme='æ'),
      LabEntry(start=0.75, end=0.78, phoneme='v'),
      LabEntry(start=0.78, end=0.85, phoneme='dʲ'),
      LabEntry(start=0.85, end=0.88, phoneme='ɪ'),
      LabEntry(start=0.88, end=0.95, phoneme='v'),
      LabEntry(start=0.95, end=1.08, phoneme='aj'),
      LabEntry(start=1.08, end=1.11, phoneme='dʲ'),
      LabEntry(start=1.11, end=1.14, phoneme='ɪ'),
      LabEntry(start=1.14, end=1.2, phoneme='d'),
      LabEntry(start=1.2, end=1.26, phoneme='ɪ'),
      LabEntry(start=1.26, end=1.29, phoneme='t'),
      LabEntry(start=1.29, end=1.34, phoneme='ɪ'),
      LabEntry(start=1.34, end=1.4, phoneme='n'),
      LabEntry(start=1.4, end=1.45, phoneme='tʰ'),
      LabEntry(start=1.45, end=1.48, phoneme='ʉ'),
      LabEntry(start=1.48, end=1.62, phoneme='f'),
      LabEntry(start=1.62, end=1.69, phoneme='ɒ'),
      LabEntry(start=1.69, end=1.75, phoneme='ɹ'),
      LabEntry(start=1.75, end=1.87, phoneme='pʰ'),
      LabEntry(start=1.87, end=1.93, phoneme='ɑ'),
      LabEntry(start=1.93, end=2.04, phoneme='ɹ'),
      LabEntry(start=2.04, end=2.13, phoneme='t'),
      LabEntry(start=2.13, end=2.2, phoneme='s'),
      LabEntry(start=2.2, end=2.37, phoneme='(.)'),
      LabEntry(start=2.37, end=2.48, phoneme='æ'),
      LabEntry(start=2.48, end=2.52, phoneme='n'),
      LabEntry(start=2.52, end=2.55, phoneme='d'),
      LabEntry(start=2.55, end=2.59, phoneme='w'),
      LabEntry(start=2.59, end=2.63, phoneme='i'),
      LabEntry(start=2.63, end=2.68, phoneme='h'),
      LabEntry(start=2.68, end=2.73, phoneme='æ'),
      LabEntry(start=2.73, end=2.76, phoneme='d'),
      LabEntry(start=2.76, end=2.79, phoneme='t'),
      LabEntry(start=2.79, end=2.84, phoneme='ə'),
      LabEntry(start=2.84, end=2.97, phoneme='k'),
      LabEntry(start=2.97, end=3.02, phoneme='ɹ'),
      LabEntry(start=3.02, end=3.14, phoneme='ɑː'),
      LabEntry(start=3.14, end=3.23, phoneme='s'),
      LabEntry(start=3.23, end=3.37, phoneme='θ'),
      LabEntry(start=3.37, end=3.48, phoneme='s'),
      LabEntry(start=3.48, end=3.63, phoneme='aw'),
      LabEntry(start=3.63, end=3.72, phoneme='θ'),
      LabEntry(start=3.72, end=3.8, phoneme='w'),
      LabEntry(start=3.8, end=3.86, phoneme='ɛ'),
      LabEntry(start=3.86, end=3.96, phoneme='s'),
      LabEntry(start=3.96, end=3.99, phoneme='t'),
      LabEntry(start=3.99, end=4.09, phoneme='kʷ'),
      LabEntry(start=4.09, end=4.16, phoneme='ɒ'),
      LabEntry(start=4.16, end=4.2, phoneme='ɹ'),
      LabEntry(start=4.2, end=4.24, phoneme='t'),
      LabEntry(start=4.24, end=4.44, phoneme='ɚ'),
      LabEntry(start=4.44, end=4.71, phoneme='(.)'),
      LabEntry(start=4.71, end=4.81, phoneme='w'),
      LabEntry(start=4.81, end=4.86, phoneme='ɪ'),
      LabEntry(start=4.86, end=4.97, phoneme='tʃ'),
      LabEntry(start=4.97, end=5.11, phoneme='ɪ'),
      LabEntry(start=5.11, end=5.16, phoneme='n'),
      LabEntry(start=5.16, end=5.22, phoneme='ð'),
      LabEntry(start=5.22, end=5.26, phoneme='v'),
      LabEntry(start=5.26, end=5.29, phoneme='ɚ'),
      LabEntry(start=5.29, end=5.36, phoneme='ɲ'),
      LabEntry(start=5.36, end=5.5, phoneme='æ'),
      LabEntry(start=5.5, end=5.6, phoneme='c'),
      LabEntry(start=5.6, end=5.63, phoneme='ə'),
      LabEntry(start=5.63, end=5.66, phoneme='l'),
      LabEntry(start=5.66, end=5.76, phoneme='ɚ'),
      LabEntry(start=5.76, end=5.85, phoneme='ɪ'),
      LabEntry(start=5.85, end=5.91, phoneme='z'),
      LabEntry(start=5.91, end=6.0, phoneme='kʰ'),
      LabEntry(start=6.0, end=6.12, phoneme='ɒ'),
      LabEntry(start=6.12, end=6.25, phoneme='ɫ'),
      LabEntry(start=6.25, end=6.31, phoneme='d'),
      LabEntry(start=6.31, end=6.57, phoneme='(.)'),
      LabEntry(start=6.57, end=6.73, phoneme='s'),
      LabEntry(start=6.73, end=6.81, phoneme='ʉ'),
      LabEntry(start=6.81, end=6.88, phoneme='d'),
      LabEntry(start=6.88, end=6.91, phoneme='v'),
      LabEntry(start=6.91, end=7.04, phoneme='ɛ'),
      LabEntry(start=7.04, end=7.11, phoneme='s'),
      LabEntry(start=7.11, end=7.14, phoneme='t'),
      LabEntry(start=7.14, end=7.17, phoneme='ɹ'),
      LabEntry(start=7.17, end=7.31, phoneme='fʲ'),
      LabEntry(start=7.31, end=7.34, phoneme='i'),
      LabEntry(start=7.34, end=7.37, phoneme='ɒ'),
      LabEntry(start=7.37, end=7.42, phoneme='ɹ'),
      LabEntry(start=7.42, end=7.46, phoneme='d'),
      LabEntry(start=7.46, end=7.51, phoneme='ə'),
      LabEntry(start=7.51, end=7.57, phoneme='ŋ'),
      LabEntry(start=7.57, end=7.61, phoneme='ɡ'),
      LabEntry(start=7.61, end=7.71, phoneme='ɹ'),
      LabEntry(start=7.71, end=7.88, phoneme='(.)'),
    ]),
  })
# ---
