# serializer version: 1
# name: test_alignment_with_real_data
  dict({
    'Hello,-world': list([
      LabEntry(start=0.0, end=0.13, phoneme='(.)'),
      LabEntry(start=0.13, end=0.31, phoneme='h'),
      LabEntry(start=0.31, end=0.38, phoneme='ə'),
      LabEntry(start=0.38, end=0.46, phoneme='l'),
      LabEntry(start=0.46, end=0.83, phoneme='əw'),
      LabEntry(start=0.83, end=0.96, phoneme='(.)'),
      LabEntry(start=0.96, end=1.06, phoneme='ʋ'),
      LabEntry(start=1.06, end=1.28, phoneme='ɜː'),
      LabEntry(start=1.28, end=1.32, phoneme='l'),
      LabEntry(start=1.32, end=1.39, phoneme='ɖ'),
      LabEntry(start=1.39, end=1.695057, phoneme='(.)'),
    ]),
    'libritts-6241_61946_000012_000002': list([
      LabEntry(start=0.0, end=0.08, phoneme='(.)'),
      LabEntry(start=0.08, end=0.7, phoneme='spn'),
      LabEntry(start=0.7, end=0.73, phoneme='a'),
      LabEntry(start=0.73, end=0.78, phoneme='v'),
      LabEntry(start=0.78, end=0.82, phoneme='dʲ'),
      LabEntry(start=0.82, end=0.86, phoneme='i'),
      LabEntry(start=0.86, end=0.93, phoneme='v'),
      LabEntry(start=0.93, end=1.07, phoneme='aj'),
      LabEntry(start=1.07, end=1.1, phoneme='d'),
      LabEntry(start=1.1, end=1.14, phoneme='ɛ'),
      LabEntry(start=1.14, end=1.18, phoneme='d'),
      LabEntry(start=1.18, end=1.25, phoneme='i'),
      LabEntry(start=1.25, end=1.28, phoneme='t'),
      LabEntry(start=1.28, end=1.32, phoneme='ɪ'),
      LabEntry(start=1.32, end=1.38, phoneme='n'),
      LabEntry(start=1.38, end=1.43, phoneme='ʈ'),
      LabEntry(start=1.43, end=1.46, phoneme='ʉː'),
      LabEntry(start=1.46, end=1.6, phoneme='f'),
      LabEntry(start=1.6, end=1.67, phoneme='ɒ'),
      LabEntry(start=1.67, end=1.72, phoneme='ɹ'),
      LabEntry(start=1.72, end=1.84, phoneme='p'),
      LabEntry(start=1.84, end=2.01, phoneme='ɑː'),
      LabEntry(start=2.01, end=2.11, phoneme='ʈ'),
      LabEntry(start=2.11, end=2.19, phoneme='s'),
      LabEntry(start=2.19, end=2.38, phoneme='(.)'),
      LabEntry(start=2.38, end=2.46, phoneme='a'),
      LabEntry(start=2.46, end=2.53, phoneme='n'),
      LabEntry(start=2.53, end=2.58, phoneme='ʋ'),
      LabEntry(start=2.58, end=2.62, phoneme='iː'),
      LabEntry(start=2.62, end=2.67, phoneme='h'),
      LabEntry(start=2.67, end=2.73, phoneme='a'),
      LabEntry(start=2.73, end=2.78, phoneme='d'),
      LabEntry(start=2.78, end=2.82, phoneme='ə'),
      LabEntry(start=2.82, end=2.94, phoneme='k'),
      LabEntry(start=2.94, end=2.99, phoneme='ɹ'),
      LabEntry(start=2.99, end=3.11, phoneme='ɒ'),
      LabEntry(start=3.11, end=3.21, phoneme='s'),
      LabEntry(start=3.21, end=3.26, phoneme='ð'),
      LabEntry(start=3.26, end=3.29, phoneme='a'),
      LabEntry(start=3.29, end=3.46, phoneme='s'),
      LabEntry(start=3.46, end=3.61, phoneme='aw'),
      LabEntry(start=3.61, end=3.71, phoneme='t̪'),
      LabEntry(start=3.71, end=3.78, phoneme='ʋ'),
      LabEntry(start=3.78, end=3.84, phoneme='ɛ'),
      LabEntry(start=3.84, end=3.93, phoneme='s'),
      LabEntry(start=3.93, end=3.96, phoneme='ʈ'),
      LabEntry(start=3.96, end=4.07, phoneme='kʰ'),
      LabEntry(start=4.07, end=4.14, phoneme='ɒ'),
      LabEntry(start=4.14, end=4.19, phoneme='ɹ'),
      LabEntry(start=4.19, end=4.23, phoneme='t'),
      LabEntry(start=4.23, end=4.38, phoneme='ɚ'),
      LabEntry(start=4.38, end=4.69, phoneme='(.)'),
      LabEntry(start=4.69, end=4.8, phoneme='ʋ'),
      LabEntry(start=4.8, end=4.85, phoneme='ɪ'),
      LabEntry(start=4.85, end=4.97, phoneme='tʃ'),
      LabEntry(start=4.97, end=5.09, phoneme='i'),
      LabEntry(start=5.09, end=5.13, phoneme='n'),
      LabEntry(start=5.13, end=5.16, phoneme='ð'),
      LabEntry(start=5.16, end=5.19, phoneme='a'),
      LabEntry(start=5.19, end=5.23, phoneme='v'),
      LabEntry(start=5.23, end=5.28, phoneme='ə'),
      LabEntry(start=5.28, end=5.34, phoneme='n'),
      LabEntry(start=5.34, end=5.48, phoneme='a'),
      LabEntry(start=5.48, end=5.57, phoneme='c'),
      LabEntry(start=5.57, end=5.61, phoneme='ə'),
      LabEntry(start=5.61, end=5.64, phoneme='l'),
      LabEntry(start=5.64, end=5.75, phoneme='ə'),
      LabEntry(start=5.75, end=5.83, phoneme='i'),
      LabEntry(start=5.83, end=5.88, phoneme='z'),
      LabEntry(start=5.88, end=5.98, phoneme='k'),
      LabEntry(start=5.98, end=6.2, phoneme='ɒː'),
      LabEntry(start=6.2, end=6.23, phoneme='l'),
      LabEntry(start=6.23, end=6.32, phoneme='ɖ'),
      LabEntry(start=6.32, end=6.55, phoneme='(.)'),
      LabEntry(start=6.55, end=7.0, phoneme='spn'),
      LabEntry(start=7.0, end=7.73, phoneme='spn'),
      LabEntry(start=7.73, end=7.9, phoneme='(.)'),
    ]),
    'librittsr-6241_61946_000012_000002': list([
      LabEntry(start=0.0, end=0.13, phoneme='(.)'),
      LabEntry(start=0.13, end=0.72, phoneme='spn'),
      LabEntry(start=0.72, end=0.75, phoneme='a'),
      LabEntry(start=0.75, end=0.78, phoneme='v'),
      LabEntry(start=0.78, end=0.85, phoneme='dʲ'),
      LabEntry(start=0.85, end=0.88, phoneme='i'),
      LabEntry(start=0.88, end=0.94, phoneme='v'),
      LabEntry(start=0.94, end=1.08, phoneme='aj'),
      LabEntry(start=1.08, end=1.11, phoneme='d'),
      LabEntry(start=1.11, end=1.15, phoneme='ɛ'),
      LabEntry(start=1.15, end=1.2, phoneme='d'),
      LabEntry(start=1.2, end=1.26, phoneme='i'),
      LabEntry(start=1.26, end=1.29, phoneme='t'),
      LabEntry(start=1.29, end=1.34, phoneme='ɪ'),
      LabEntry(start=1.34, end=1.4, phoneme='n'),
      LabEntry(start=1.4, end=1.45, phoneme='ʈ'),
      LabEntry(start=1.45, end=1.48, phoneme='ʉː'),
      LabEntry(start=1.48, end=1.62, phoneme='f'),
      LabEntry(start=1.62, end=1.69, phoneme='ɒ'),
      LabEntry(start=1.69, end=1.75, phoneme='ɹ'),
      LabEntry(start=1.75, end=1.87, phoneme='p'),
      LabEntry(start=1.87, end=2.01, phoneme='ɑː'),
      LabEntry(start=2.01, end=2.12, phoneme='ʈ'),
      LabEntry(start=2.12, end=2.2, phoneme='s'),
      LabEntry(start=2.2, end=2.41, phoneme='(.)'),
      LabEntry(start=2.41, end=2.48, phoneme='a'),
      LabEntry(start=2.48, end=2.55, phoneme='n'),
      LabEntry(start=2.55, end=2.59, phoneme='ʋ'),
      LabEntry(start=2.59, end=2.63, phoneme='iː'),
      LabEntry(start=2.63, end=2.68, phoneme='h'),
      LabEntry(start=2.68, end=2.74, phoneme='a'),
      LabEntry(start=2.74, end=2.79, phoneme='d'),
      LabEntry(start=2.79, end=2.84, phoneme='ə'),
      LabEntry(start=2.84, end=2.97, phoneme='k'),
      LabEntry(start=2.97, end=3.01, phoneme='ɹ'),
      LabEntry(start=3.01, end=3.14, phoneme='ɒ'),
      LabEntry(start=3.14, end=3.23, phoneme='s'),
      LabEntry(start=3.23, end=3.29, phoneme='ð'),
      LabEntry(start=3.29, end=3.32, phoneme='a'),
      LabEntry(start=3.32, end=3.48, phoneme='s'),
      LabEntry(start=3.48, end=3.63, phoneme='aw'),
      LabEntry(start=3.63, end=3.73, phoneme='t̪'),
      LabEntry(start=3.73, end=3.79, phoneme='ʋ'),
      LabEntry(start=3.79, end=3.86, phoneme='ɛ'),
      LabEntry(start=3.86, end=3.95, phoneme='s'),
      LabEntry(start=3.95, end=3.98, phoneme='ʈ'),
      LabEntry(start=3.98, end=4.09, phoneme='kʰ'),
      LabEntry(start=4.09, end=4.16, phoneme='ɒ'),
      LabEntry(start=4.16, end=4.2, phoneme='ɹ'),
      LabEntry(start=4.2, end=4.24, phoneme='t'),
      LabEntry(start=4.24, end=4.44, phoneme='ɚ'),
      LabEntry(start=4.44, end=4.68, phoneme='(.)'),
      LabEntry(start=4.68, end=4.81, phoneme='ʋ'),
      LabEntry(start=4.81, end=4.87, phoneme='ɪ'),
      LabEntry(start=4.87, end=4.98, phoneme='tʃ'),
      LabEntry(start=4.98, end=5.11, phoneme='i'),
      LabEntry(start=5.11, end=5.15, phoneme='n'),
      LabEntry(start=5.15, end=5.18, phoneme='ð'),
      LabEntry(start=5.18, end=5.21, phoneme='a'),
      LabEntry(start=5.21, end=5.25, phoneme='v'),
      LabEntry(start=5.25, end=5.29, phoneme='ə'),
      LabEntry(start=5.29, end=5.36, phoneme='n'),
      LabEntry(start=5.36, end=5.5, phoneme='a'),
      LabEntry(start=5.5, end=5.6, phoneme='c'),
      LabEntry(start=5.6, end=5.63, phoneme='ə'),
      LabEntry(start=5.63, end=5.66, phoneme='l'),
      LabEntry(start=5.66, end=5.76, phoneme='ə'),
      LabEntry(start=5.76, end=5.85, phoneme='i'),
      LabEntry(start=5.85, end=5.91, phoneme='z'),
      LabEntry(start=5.91, end=6.0, phoneme='k'),
      LabEntry(start=6.0, end=6.22, phoneme='ɒː'),
      LabEntry(start=6.22, end=6.25, phoneme='l'),
      LabEntry(start=6.25, end=6.32, phoneme='ɖ'),
      LabEntry(start=6.32, end=6.56, phoneme='(.)'),
      LabEntry(start=6.56, end=6.84, phoneme='spn'),
      LabEntry(start=6.84, end=7.73, phoneme='spn'),
      LabEntry(start=7.73, end=7.88, phoneme='(.)'),
    ]),
  })
# ---
